// Vitest Snapshot v1, https://vitest.dev/guide/snapshot.html

exports[`Run config mf-build > dist structure 1`] = `
[
  "dist/",
  "├── @mf-types/",
  "│   ├── App.d.ts",
  "│   ├── Counter.d.ts",
  "│   ├── compiled-types/",
  "│   │   └── src/",
  "│   │       ├── App.d.ts",
  "│   │       ├── Counter.d.ts",
  "│   │       └── index.d.ts",
  "│   └── index.d.ts",
  "├── @mf-types.d.ts",
  "├── @mf-types.zip",
  "├── __federation_expose_App.mf.es2017.production.css",
  "├── __federation_expose_App.mf.es2017.production.js",
  "├── __federation_expose_Counter.mf.es2017.production.js",
  "├── __federation_expose_default_export.mf.es2017.production.js",
  "├── index.mf.es2017.production.js",
  "├── mf-manifest.json",
  "├── mf-stats.json",
  "└── test_remote.mf.es2017.production.js",
]
`;

exports[`Run config mf-build-custom-dir > dist structure 1`] = `
[
  "dist/",
  "└── custom/",
  "    ├── @mf-types/",
  "    │   ├── App.d.ts",
  "    │   ├── Counter.d.ts",
  "    │   ├── compiled-types/",
  "    │   │   └── src/",
  "    │   │       ├── App.d.ts",
  "    │   │       ├── Counter.d.ts",
  "    │   │       └── index.d.ts",
  "    │   └── index.d.ts",
  "    ├── @mf-types.d.ts",
  "    ├── @mf-types.zip",
  "    ├── __federation_expose_App.mf.es2017.production.css",
  "    ├── __federation_expose_App.mf.es2017.production.js",
  "    ├── __federation_expose_Counter.mf.es2017.production.js",
  "    ├── __federation_expose_default_export.mf.es2017.production.js",
  "    ├── index.mf.es2017.production.js",
  "    ├── mf-manifest.json",
  "    ├── mf-stats.json",
  "    └── test_remote.mf.es2017.production.js",
]
`;
